Archive member included to satisfy reference by file (symbol)

c:/program files/microchip/xc8/v2.41/avr/bin/../lib/gcc/avr/5.4.0/avr51/memx-const\libgcc.a(_copy_data.o)
                              build/default/debug/main.o (__do_copy_data)
c:/program files/microchip/xc8/v2.41/avr/bin/../lib/gcc/avr/5.4.0/avr51/memx-const\libgcc.a(_umulhisi3.o)
                              build/default/debug/main.o (__umulhisi3)
c:/program files/microchip/xc8/v2.41/avr/bin/../lib/gcc/avr/5.4.0/avr51/memx-const\libgcc.a(_xload_1.o)
                              build/default/debug/main.o (__xload_1)
c:/program files/microchip/xc8/v2.41/avr/bin/../lib/gcc/avr/5.4.0/../../../../avr/lib/avr51/memx-const\libc.a(exit.o)
                              C:/Program Files/Microchip/MPLABX/v6.10/packs/Microchip/ATmega_DFP/3.0.158/xc8/avr/lib/avr51/memx-const/crtatmega128.o (exit)
c:/program files/microchip/xc8/v2.41/avr/bin/../lib/gcc/avr/5.4.0/../../../../avr/lib/avr51/memx-const\libc.a(_Exit.o)
                              c:/program files/microchip/xc8/v2.41/avr/bin/../lib/gcc/avr/5.4.0/../../../../avr/lib/avr51/memx-const\libc.a(exit.o) (_Exit)
c:/program files/microchip/xc8/v2.41/avr/bin/../lib/gcc/avr/5.4.0/avr51/memx-const\libgcc.a(_exit.o)
                              c:/program files/microchip/xc8/v2.41/avr/bin/../lib/gcc/avr/5.4.0/../../../../avr/lib/avr51/memx-const\libc.a(_Exit.o) (_exit)

Discarded input sections

 .data          0x0000000000000000        0x0 C:/Program Files/Microchip/MPLABX/v6.10/packs/Microchip/ATmega_DFP/3.0.158/xc8/avr/lib/avr51/memx-const/crtatmega128.o
 .bss           0x0000000000000000        0x0 C:/Program Files/Microchip/MPLABX/v6.10/packs/Microchip/ATmega_DFP/3.0.158/xc8/avr/lib/avr51/memx-const/crtatmega128.o
 .text          0x0000000000000000        0x0 build/default/debug/main.o
 .data          0x0000000000000000        0x0 build/default/debug/main.o
 .bss           0x0000000000000000        0x0 build/default/debug/main.o
 .text.led_display
                0x0000000000000000       0x12 build/default/debug/main.o
 .text.SevenDisplay
                0x0000000000000000      0x190 build/default/debug/main.o
 .text.SevenDisplayScan
                0x0000000000000000      0x1ba build/default/debug/main.o
 .bss.i         0x0000000000000000        0x2 build/default/debug/main.o
 .data.segcode  0x0000000000000000       0x10 build/default/debug/main.o
 .data.led      0x0000000000000000        0x4 build/default/debug/main.o
 .data.DateTimeMenu
                0x0000000000000000       0x5d build/default/debug/main.o
 .data.HumidMenu
                0x0000000000000000       0x5d build/default/debug/main.o
 .data.TempMenu
                0x0000000000000000       0x5d build/default/debug/main.o
 .text          0x0000000000000000        0x0 c:/program files/microchip/xc8/v2.41/avr/bin/../lib/gcc/avr/5.4.0/avr51/memx-const\libgcc.a(_copy_data.o)
 .data          0x0000000000000000        0x0 c:/program files/microchip/xc8/v2.41/avr/bin/../lib/gcc/avr/5.4.0/avr51/memx-const\libgcc.a(_copy_data.o)
 .bss           0x0000000000000000        0x0 c:/program files/microchip/xc8/v2.41/avr/bin/../lib/gcc/avr/5.4.0/avr51/memx-const\libgcc.a(_copy_data.o)
 .text.libgcc.mul
                0x0000000000000000        0x0 c:/program files/microchip/xc8/v2.41/avr/bin/../lib/gcc/avr/5.4.0/avr51/memx-const\libgcc.a(_copy_data.o)
 .text.libgcc.div
                0x0000000000000000        0x0 c:/program files/microchip/xc8/v2.41/avr/bin/../lib/gcc/avr/5.4.0/avr51/memx-const\libgcc.a(_copy_data.o)
 .text.libgcc   0x0000000000000000        0x0 c:/program files/microchip/xc8/v2.41/avr/bin/../lib/gcc/avr/5.4.0/avr51/memx-const\libgcc.a(_copy_data.o)
 .text.libgcc.prologue
                0x0000000000000000        0x0 c:/program files/microchip/xc8/v2.41/avr/bin/../lib/gcc/avr/5.4.0/avr51/memx-const\libgcc.a(_copy_data.o)
 .text.libgcc.builtins
                0x0000000000000000        0x0 c:/program files/microchip/xc8/v2.41/avr/bin/../lib/gcc/avr/5.4.0/avr51/memx-const\libgcc.a(_copy_data.o)
 .text.libgcc.fmul
                0x0000000000000000        0x0 c:/program files/microchip/xc8/v2.41/avr/bin/../lib/gcc/avr/5.4.0/avr51/memx-const\libgcc.a(_copy_data.o)
 .text.libgcc.fixed
                0x0000000000000000        0x0 c:/program files/microchip/xc8/v2.41/avr/bin/../lib/gcc/avr/5.4.0/avr51/memx-const\libgcc.a(_copy_data.o)
 .text          0x0000000000000000        0x0 c:/program files/microchip/xc8/v2.41/avr/bin/../lib/gcc/avr/5.4.0/avr51/memx-const\libgcc.a(_umulhisi3.o)
 .data          0x0000000000000000        0x0 c:/program files/microchip/xc8/v2.41/avr/bin/../lib/gcc/avr/5.4.0/avr51/memx-const\libgcc.a(_umulhisi3.o)
 .bss           0x0000000000000000        0x0 c:/program files/microchip/xc8/v2.41/avr/bin/../lib/gcc/avr/5.4.0/avr51/memx-const\libgcc.a(_umulhisi3.o)
 .text.libgcc.mul
                0x0000000000000000       0x1e c:/program files/microchip/xc8/v2.41/avr/bin/../lib/gcc/avr/5.4.0/avr51/memx-const\libgcc.a(_umulhisi3.o)
 .stack.descriptors.hdr
                0x0000000000000000        0xe c:/program files/microchip/xc8/v2.41/avr/bin/../lib/gcc/avr/5.4.0/avr51/memx-const\libgcc.a(_umulhisi3.o)
 .stack.descriptors
                0x0000000000000000       0x19 c:/program files/microchip/xc8/v2.41/avr/bin/../lib/gcc/avr/5.4.0/avr51/memx-const\libgcc.a(_umulhisi3.o)
 .text.libgcc.div
                0x0000000000000000        0x0 c:/program files/microchip/xc8/v2.41/avr/bin/../lib/gcc/avr/5.4.0/avr51/memx-const\libgcc.a(_umulhisi3.o)
 .text.libgcc   0x0000000000000000        0x0 c:/program files/microchip/xc8/v2.41/avr/bin/../lib/gcc/avr/5.4.0/avr51/memx-const\libgcc.a(_umulhisi3.o)
 .text.libgcc.prologue
                0x0000000000000000        0x0 c:/program files/microchip/xc8/v2.41/avr/bin/../lib/gcc/avr/5.4.0/avr51/memx-const\libgcc.a(_umulhisi3.o)
 .text.libgcc.builtins
                0x0000000000000000        0x0 c:/program files/microchip/xc8/v2.41/avr/bin/../lib/gcc/avr/5.4.0/avr51/memx-const\libgcc.a(_umulhisi3.o)
 .text.libgcc.fmul
                0x0000000000000000        0x0 c:/program files/microchip/xc8/v2.41/avr/bin/../lib/gcc/avr/5.4.0/avr51/memx-const\libgcc.a(_umulhisi3.o)
 .text.libgcc.fixed
                0x0000000000000000        0x0 c:/program files/microchip/xc8/v2.41/avr/bin/../lib/gcc/avr/5.4.0/avr51/memx-const\libgcc.a(_umulhisi3.o)
 .text          0x0000000000000000        0x0 c:/program files/microchip/xc8/v2.41/avr/bin/../lib/gcc/avr/5.4.0/avr51/memx-const\libgcc.a(_xload_1.o)
 .data          0x0000000000000000        0x0 c:/program files/microchip/xc8/v2.41/avr/bin/../lib/gcc/avr/5.4.0/avr51/memx-const\libgcc.a(_xload_1.o)
 .bss           0x0000000000000000        0x0 c:/program files/microchip/xc8/v2.41/avr/bin/../lib/gcc/avr/5.4.0/avr51/memx-const\libgcc.a(_xload_1.o)
 .text.libgcc.mul
                0x0000000000000000        0x0 c:/program files/microchip/xc8/v2.41/avr/bin/../lib/gcc/avr/5.4.0/avr51/memx-const\libgcc.a(_xload_1.o)
 .text.libgcc.div
                0x0000000000000000        0x0 c:/program files/microchip/xc8/v2.41/avr/bin/../lib/gcc/avr/5.4.0/avr51/memx-const\libgcc.a(_xload_1.o)
 .text.libgcc.prologue
                0x0000000000000000        0x0 c:/program files/microchip/xc8/v2.41/avr/bin/../lib/gcc/avr/5.4.0/avr51/memx-const\libgcc.a(_xload_1.o)
 .stack.descriptors
                0x0000000000000000       0x17 c:/program files/microchip/xc8/v2.41/avr/bin/../lib/gcc/avr/5.4.0/avr51/memx-const\libgcc.a(_xload_1.o)
 .text.libgcc.builtins
                0x0000000000000000        0x0 c:/program files/microchip/xc8/v2.41/avr/bin/../lib/gcc/avr/5.4.0/avr51/memx-const\libgcc.a(_xload_1.o)
 .text.libgcc.fmul
                0x0000000000000000        0x0 c:/program files/microchip/xc8/v2.41/avr/bin/../lib/gcc/avr/5.4.0/avr51/memx-const\libgcc.a(_xload_1.o)
 .text.libgcc.fixed
                0x0000000000000000        0x0 c:/program files/microchip/xc8/v2.41/avr/bin/../lib/gcc/avr/5.4.0/avr51/memx-const\libgcc.a(_xload_1.o)
 .text          0x0000000000000000        0x0 c:/program files/microchip/xc8/v2.41/avr/bin/../lib/gcc/avr/5.4.0/../../../../avr/lib/avr51/memx-const\libc.a(exit.o)
 .data          0x0000000000000000        0x0 c:/program files/microchip/xc8/v2.41/avr/bin/../lib/gcc/avr/5.4.0/../../../../avr/lib/avr51/memx-const\libc.a(exit.o)
 .bss           0x0000000000000000        0x0 c:/program files/microchip/xc8/v2.41/avr/bin/../lib/gcc/avr/5.4.0/../../../../avr/lib/avr51/memx-const\libc.a(exit.o)
 .stack.descriptors
                0x0000000000000000       0x73 c:/program files/microchip/xc8/v2.41/avr/bin/../lib/gcc/avr/5.4.0/../../../../avr/lib/avr51/memx-const\libc.a(exit.o)
 .text          0x0000000000000000        0x0 c:/program files/microchip/xc8/v2.41/avr/bin/../lib/gcc/avr/5.4.0/../../../../avr/lib/avr51/memx-const\libc.a(_Exit.o)
 .data          0x0000000000000000        0x0 c:/program files/microchip/xc8/v2.41/avr/bin/../lib/gcc/avr/5.4.0/../../../../avr/lib/avr51/memx-const\libc.a(_Exit.o)
 .bss           0x0000000000000000        0x0 c:/program files/microchip/xc8/v2.41/avr/bin/../lib/gcc/avr/5.4.0/../../../../avr/lib/avr51/memx-const\libc.a(_Exit.o)
 .stack.descriptors
                0x0000000000000000       0x13 c:/program files/microchip/xc8/v2.41/avr/bin/../lib/gcc/avr/5.4.0/../../../../avr/lib/avr51/memx-const\libc.a(_Exit.o)
 .text          0x0000000000000000        0x0 c:/program files/microchip/xc8/v2.41/avr/bin/../lib/gcc/avr/5.4.0/avr51/memx-const\libgcc.a(_exit.o)
 .data          0x0000000000000000        0x0 c:/program files/microchip/xc8/v2.41/avr/bin/../lib/gcc/avr/5.4.0/avr51/memx-const\libgcc.a(_exit.o)
 .bss           0x0000000000000000        0x0 c:/program files/microchip/xc8/v2.41/avr/bin/../lib/gcc/avr/5.4.0/avr51/memx-const\libgcc.a(_exit.o)
 .text.libgcc.mul
                0x0000000000000000        0x0 c:/program files/microchip/xc8/v2.41/avr/bin/../lib/gcc/avr/5.4.0/avr51/memx-const\libgcc.a(_exit.o)
 .text.libgcc.div
                0x0000000000000000        0x0 c:/program files/microchip/xc8/v2.41/avr/bin/../lib/gcc/avr/5.4.0/avr51/memx-const\libgcc.a(_exit.o)
 .text.libgcc   0x0000000000000000        0x0 c:/program files/microchip/xc8/v2.41/avr/bin/../lib/gcc/avr/5.4.0/avr51/memx-const\libgcc.a(_exit.o)
 .text.libgcc.prologue
                0x0000000000000000        0x0 c:/program files/microchip/xc8/v2.41/avr/bin/../lib/gcc/avr/5.4.0/avr51/memx-const\libgcc.a(_exit.o)
 .stack.descriptors
                0x0000000000000000       0x13 c:/program files/microchip/xc8/v2.41/avr/bin/../lib/gcc/avr/5.4.0/avr51/memx-const\libgcc.a(_exit.o)
 .text.libgcc.builtins
                0x0000000000000000        0x0 c:/program files/microchip/xc8/v2.41/avr/bin/../lib/gcc/avr/5.4.0/avr51/memx-const\libgcc.a(_exit.o)
 .text.libgcc.fmul
                0x0000000000000000        0x0 c:/program files/microchip/xc8/v2.41/avr/bin/../lib/gcc/avr/5.4.0/avr51/memx-const\libgcc.a(_exit.o)
 .text.libgcc.fixed
                0x0000000000000000        0x0 c:/program files/microchip/xc8/v2.41/avr/bin/../lib/gcc/avr/5.4.0/avr51/memx-const\libgcc.a(_exit.o)

Memory Configuration

Name             Origin             Length             Attributes
text             0x0000000000000000 0x0000000000020000 xr
data             0x0000000000800100 0x0000000000001000 rw !x
eeprom           0x0000000000810000 0x0000000000001000 rw !x
fuse             0x0000000000820000 0x0000000000000003 rw !x
lock             0x0000000000830000 0x0000000000000400 rw !x
signature        0x0000000000840000 0x0000000000000400 rw !x
user_signatures  0x0000000000850000 0x0000000000000400 rw !x
bootrow          0x0000000000860000 0x0000000000000400 rw !x
*default*        0x0000000000000000 0xffffffffffffffff

Linker script and memory map

Address of section .data set to 0x800100
LOAD C:/Program Files/Microchip/MPLABX/v6.10/packs/Microchip/ATmega_DFP/3.0.158/xc8/avr/lib/avr51/memx-const/crtatmega128.o
                0x0000000000000001                __MPLAB_BUILD = 0x1
LOAD build/default/debug/main.o
START GROUP
LOAD c:/program files/microchip/xc8/v2.41/avr/bin/../lib/gcc/avr/5.4.0/../../../../avr/lib/avr51/memx-const\libm.a
END GROUP
                0x0000000000000001                __MPLAB_DEBUG = 0x1
                0x0000000000000001                __DEBUG = 0x1
                0x0000000000000001                __MPLAB_DEBUGGER_SIMULATOR = 0x1
START GROUP
LOAD c:/program files/microchip/xc8/v2.41/avr/bin/../lib/gcc/avr/5.4.0/avr51/memx-const\libgcc.a
LOAD c:/program files/microchip/xc8/v2.41/avr/bin/../lib/gcc/avr/5.4.0/../../../../avr/lib/avr51/memx-const\libm.a
LOAD c:/program files/microchip/xc8/v2.41/avr/bin/../lib/gcc/avr/5.4.0/../../../../avr/lib/avr51/memx-const\libc.a
LOAD C:/Program Files/Microchip/MPLABX/v6.10/packs/Microchip/ATmega_DFP/3.0.158/xc8/avr/lib/avr51/memx-const\libatmega128.a
END GROUP
                0x0000000000000000                __TEXT_REGION_ORIGIN__ = DEFINED (__TEXT_REGION_ORIGIN__)?__TEXT_REGION_ORIGIN__:0x0
                [0x0000000000800100]                __DATA_REGION_ORIGIN__ = DEFINED (__DATA_REGION_ORIGIN__)?__DATA_REGION_ORIGIN__:0x800100
                [0x0000000000020000]                __TEXT_REGION_LENGTH__ = DEFINED (__TEXT_REGION_LENGTH__)?__TEXT_REGION_LENGTH__:0x20000
                [0x0000000000001000]                __DATA_REGION_LENGTH__ = DEFINED (__DATA_REGION_LENGTH__)?__DATA_REGION_LENGTH__:0xff00
                [0x0000000000001000]                __EEPROM_REGION_LENGTH__ = DEFINED (__EEPROM_REGION_LENGTH__)?__EEPROM_REGION_LENGTH__:0x10000
                [0x0000000000000003]                __FUSE_REGION_LENGTH__ = DEFINED (__FUSE_REGION_LENGTH__)?__FUSE_REGION_LENGTH__:0x400
                0x0000000000000400                __LOCK_REGION_LENGTH__ = DEFINED (__LOCK_REGION_LENGTH__)?__LOCK_REGION_LENGTH__:0x400
                0x0000000000000400                __SIGNATURE_REGION_LENGTH__ = DEFINED (__SIGNATURE_REGION_LENGTH__)?__SIGNATURE_REGION_LENGTH__:0x400
                0x0000000000000400                __USER_SIGNATURE_REGION_LENGTH__ = DEFINED (__USER_SIGNATURE_REGION_LENGTH__)?__USER_SIGNATURE_REGION_LENGTH__:0x400
                0x0000000000000400                __BOOTROW_REGION_LENGTH__ = DEFINED (__BOOTROW_REGION_LENGTH__)?__BOOTROW_REGION_LENGTH__:0x400

.hash
 *(.hash)

.dynsym
 *(.dynsym)

.dynstr
 *(.dynstr)

.gnu.version
 *(.gnu.version)

.gnu.version_d
 *(.gnu.version_d)

.gnu.version_r
 *(.gnu.version_r)

.rel.init
 *(.rel.init)

.rela.init
 *(.rela.init)

.rel.text
 *(.rel.text)
 *(.rel.text.*)
 *(.rel.gnu.linkonce.t*)

.rela.text
 *(.rela.text)
 *(.rela.text.*)
 *(.rela.gnu.linkonce.t*)

.rel.fini
 *(.rel.fini)

.rela.fini
 *(.rela.fini)

.rel.rodata
 *(.rel.rodata)
 *(.rel.rodata.*)
 *(.rel.gnu.linkonce.r*)

.rela.rodata
 *(.rela.rodata)
 *(.rela.rodata.*)
 *(.rela.gnu.linkonce.r*)

.rel.data
 *(.rel.data)
 *(.rel.data.*)
 *(.rel.gnu.linkonce.d*)

.rela.data
 *(.rela.data)
 *(.rela.data.*)
 *(.rela.gnu.linkonce.d*)

.rel.ctors
 *(.rel.ctors)

.rela.ctors
 *(.rela.ctors)

.rel.dtors
 *(.rel.dtors)

.rela.dtors
 *(.rela.dtors)

.rel.got
 *(.rel.got)

.rela.got
 *(.rela.got)

.rel.bss
 *(.rel.bss)

.rela.bss
 *(.rela.bss)

.rel.plt
 *(.rel.plt)

.rela.plt
 *(.rela.plt)

.text           0x0000000000000000       0xf0
 *(.vectors)
 .vectors       0x0000000000000000       0x8c C:/Program Files/Microchip/MPLABX/v6.10/packs/Microchip/ATmega_DFP/3.0.158/xc8/avr/lib/avr51/memx-const/crtatmega128.o
                0x0000000000000000                __vector_default
                0x0000000000000000                __vectors
 *(.vectors)
 *(.progmem.gcc*)
 *(.dinit)
 .dinit         0x000000000000008c        0xc data_init
                0x0000000000000098                . = ALIGN (0x2)
                0x0000000000000098                __trampolines_start = .
 *(.trampolines)
 .trampolines   0x0000000000000098        0x0 linker stubs
 *(.trampolines*)
                0x0000000000000098                __trampolines_end = .
 *libprintf_flt.a:*(.progmem.data)
 *libc.a:*(.progmem.data)
                0x0000000000000098                . = ALIGN (0x2)
 *(.jumptables)
 *(.jumptables*)
 *(.lowtext)
 *(.lowtext*)
                0x0000000000000098                __ctors_start = .
 *(.ctors)
                0x0000000000000098                __ctors_end = .
                0x0000000000000098                __dtors_start = .
 *(.dtors)
                0x0000000000000098                __dtors_end = .
 SORT(*)(.ctors)
 SORT(*)(.dtors)
 *(.init0)
 .init0         0x0000000000000098        0x0 C:/Program Files/Microchip/MPLABX/v6.10/packs/Microchip/ATmega_DFP/3.0.158/xc8/avr/lib/avr51/memx-const/crtatmega128.o
                0x0000000000000098                __init
 *(.init0)
 *(.init1)
 *(.init1)
 *(.init2)
 .init2         0x0000000000000098        0xc C:/Program Files/Microchip/MPLABX/v6.10/packs/Microchip/ATmega_DFP/3.0.158/xc8/avr/lib/avr51/memx-const/crtatmega128.o
 *(.init2)
 *(.init3)
 *(.init3)
 *(.init4)
 .init4         0x00000000000000a4       0x40 c:/program files/microchip/xc8/v2.41/avr/bin/../lib/gcc/avr/5.4.0/avr51/memx-const\libgcc.a(_copy_data.o)
                0x00000000000000a4                __do_copy_data
                0x00000000000000d6                __do_clear_bss
 *(.init4)
 *(.init5)
 *(.init5)
 *(.init6)
 *(.init6)
 *(.init7)
 *(.init7)
 *(.init8)
 *(.init8)
 *(.init9)
 .init9         0x00000000000000e4        0x8 C:/Program Files/Microchip/MPLABX/v6.10/packs/Microchip/ATmega_DFP/3.0.158/xc8/avr/lib/avr51/memx-const/crtatmega128.o
 *(.init9)
                0x00000000000000ec                . = ALIGN (0x2)
 *(.fini9)
 .fini9         0x00000000000000ec        0x0 c:/program files/microchip/xc8/v2.41/avr/bin/../lib/gcc/avr/5.4.0/avr51/memx-const\libgcc.a(_exit.o)
                0x00000000000000ec                _exit
 *(.fini9)
 *(.fini8)
 *(.fini8)
 *(.fini7)
 *(.fini7)
 *(.fini6)
 *(.fini6)
 *(.fini5)
 *(.fini5)
 *(.fini4)
 *(.fini4)
 *(.fini3)
 *(.fini3)
 *(.fini2)
 *(.fini2)
 *(.fini1)
 *(.fini1)
 *(.fini0)
 .fini0         0x00000000000000ec        0x4 c:/program files/microchip/xc8/v2.41/avr/bin/../lib/gcc/avr/5.4.0/avr51/memx-const\libgcc.a(_exit.o)
 *(.fini0)
                0x00000000000000f0                _etext = .

.data           0x0000000000800100        0x0 load address 0x00000000000000f0
                [!provide]                        PROVIDE (__data_start, .)
 *(.gnu.linkonce.d*)
 *(.gnu.linkonce.r*)
                0x0000000000800100                . = ALIGN (0x2)
                0x0000000000800100                _edata = .
                [!provide]                        PROVIDE (__data_end, .)

.bss            0x0000000000800100        0x0
                [!provide]                        PROVIDE (__bss_start, .)
 *(COMMON)
                [!provide]                        PROVIDE (__bss_end, .)
                0x00000000000000f0                __data_load_start = LOADADDR (.data)
                0x00000000000000f0                __data_load_end = (__data_load_start + SIZEOF (.data))

.noinit         0x0000000000800100        0x0
                [!provide]                        PROVIDE (__noinit_start, .)
 *(.noinit*)
                [!provide]                        PROVIDE (__noinit_end, .)
                0x0000000000800100                _end = .

.eeprom         0x0000000000810000        0x0
 *(.eeprom*)
                0x0000000000810000                __eeprom_end = .

.fuse
 *(.fuse)
 *(.lfuse)
 *(.hfuse)
 *(.efuse)

.lock
 *(.lock*)

.signature
 *(.signature*)

.user_signatures
 *(.user_signatures*)

.bootrow
 *(.bootrow*)

.stab
 *(.stab)

.stabstr
 *(.stabstr)

.stab.excl
 *(.stab.excl)

.stab.exclstr
 *(.stab.exclstr)

.stab.index
 *(.stab.index)

.stab.indexstr
 *(.stab.indexstr)

.comment        0x0000000000000000       0x5b
 *(.comment)
 .comment       0x0000000000000000       0x2f build/default/debug/main.o
                                         0x30 (size before relaxing)
 .comment       0x000000000000002f       0x2c c:/program files/microchip/xc8/v2.41/avr/bin/../lib/gcc/avr/5.4.0/../../../../avr/lib/avr51/memx-const\libc.a(exit.o)
                                         0x2d (size before relaxing)
 .comment       0x000000000000005b       0x2d c:/program files/microchip/xc8/v2.41/avr/bin/../lib/gcc/avr/5.4.0/../../../../avr/lib/avr51/memx-const\libc.a(_Exit.o)

.stack.descriptors.hdr
                0x0000000000000000       0x38
 .stack.descriptors.hdr
                0x0000000000000000        0xe c:/program files/microchip/xc8/v2.41/avr/bin/../lib/gcc/avr/5.4.0/avr51/memx-const\libgcc.a(_xload_1.o)
 .stack.descriptors.hdr
                0x000000000000000e        0xe c:/program files/microchip/xc8/v2.41/avr/bin/../lib/gcc/avr/5.4.0/../../../../avr/lib/avr51/memx-const\libc.a(exit.o)
 .stack.descriptors.hdr
                0x000000000000001c        0xe c:/program files/microchip/xc8/v2.41/avr/bin/../lib/gcc/avr/5.4.0/../../../../avr/lib/avr51/memx-const\libc.a(_Exit.o)
 .stack.descriptors.hdr
                0x000000000000002a        0xe c:/program files/microchip/xc8/v2.41/avr/bin/../lib/gcc/avr/5.4.0/avr51/memx-const\libgcc.a(_exit.o)

.note.GNU-stack
                0x0000000000000000        0x0
 .note.GNU-stack
                0x0000000000000000        0x0 c:/program files/microchip/xc8/v2.41/avr/bin/../lib/gcc/avr/5.4.0/../../../../avr/lib/avr51/memx-const\libc.a(exit.o)
 .note.GNU-stack
                0x0000000000000000        0x0 c:/program files/microchip/xc8/v2.41/avr/bin/../lib/gcc/avr/5.4.0/../../../../avr/lib/avr51/memx-const\libc.a(_Exit.o)

.note.gnu.build-id
 *(.note.gnu.build-id)

.debug
 *(.debug)

.line
 *(.line)

.debug_srcinfo
 *(.debug_srcinfo)

.debug_sfnames
 *(.debug_sfnames)

.debug_aranges  0x0000000000000000       0x58
 *(.debug_aranges)
 .debug_aranges
                0x0000000000000000       0x58 build/default/debug/main.o

.debug_pubnames
 *(.debug_pubnames)

.debug_info     0x0000000000000000     0x15f7
 *(.debug_info .gnu.linkonce.wi.*)
 .debug_info    0x0000000000000000      0x780 C:/Program Files/Microchip/MPLABX/v6.10/packs/Microchip/ATmega_DFP/3.0.158/xc8/avr/lib/avr51/memx-const/crtatmega128.o
 .debug_info    0x0000000000000780      0xe77 build/default/debug/main.o

.debug_abbrev   0x0000000000000000      0x99d
 *(.debug_abbrev)
 .debug_abbrev  0x0000000000000000      0x718 C:/Program Files/Microchip/MPLABX/v6.10/packs/Microchip/ATmega_DFP/3.0.158/xc8/avr/lib/avr51/memx-const/crtatmega128.o
 .debug_abbrev  0x0000000000000718      0x285 build/default/debug/main.o

.debug_line     0x0000000000000000      0x637
 *(.debug_line .debug_line.* .debug_line_end)
 .debug_line    0x0000000000000000      0x16d C:/Program Files/Microchip/MPLABX/v6.10/packs/Microchip/ATmega_DFP/3.0.158/xc8/avr/lib/avr51/memx-const/crtatmega128.o
 .debug_line    0x000000000000016d      0x4ca build/default/debug/main.o

.debug_frame    0x0000000000000000       0xe4
 *(.debug_frame)
 .debug_frame   0x0000000000000000       0xe4 build/default/debug/main.o

.debug_str      0x0000000000000000      0x2a3
 *(.debug_str)
 .debug_str     0x0000000000000000      0x27d C:/Program Files/Microchip/MPLABX/v6.10/packs/Microchip/ATmega_DFP/3.0.158/xc8/avr/lib/avr51/memx-const/crtatmega128.o
 .debug_str     0x000000000000027d       0x26 build/default/debug/main.o

.debug_loc      0x0000000000000000      0x71b
 *(.debug_loc)
 .debug_loc     0x0000000000000000      0x71b build/default/debug/main.o

.debug_macinfo
 *(.debug_macinfo)

.debug_weaknames
 *(.debug_weaknames)

.debug_funcnames
 *(.debug_funcnames)

.debug_typenames
 *(.debug_typenames)

.debug_varnames
 *(.debug_varnames)

.debug_pubtypes
 *(.debug_pubtypes)

.debug_ranges   0x0000000000000000       0x48
 *(.debug_ranges)
 .debug_ranges  0x0000000000000000       0x48 build/default/debug/main.o

.debug_macro
 *(.debug_macro)
OUTPUT(dist/default/debug/ES_design.X.debug.elf elf32-avr)
LOAD linker stubs
LOAD data_init

.note.gnu.avr.deviceinfo
                0x0000000000000000       0x3c
 .note.gnu.avr.deviceinfo
                0x0000000000000000       0x3c C:/Program Files/Microchip/MPLABX/v6.10/packs/Microchip/ATmega_DFP/3.0.158/xc8/avr/lib/avr51/memx-const/crtatmega128.o

.bss.BUTTONS    0x0000000000800445        0x1
 .bss.BUTTONS   0x0000000000800445        0x1 build/default/debug/main.o
                0x0000000000800445                BUTTONS

.bss.MOTORS     0x0000000000800446        0x1
 .bss.MOTORS    0x0000000000800446        0x1 build/default/debug/main.o
                0x0000000000800446                MOTORS

.bss.relays     0x0000000000800447        0x1
 .bss.relays    0x0000000000800447        0x1 build/default/debug/main.o
                0x0000000000800447                relays

.progmemx.data  0x00000000000000f0        0x2
 .progmemx.data
                0x00000000000000f0        0x2 build/default/debug/main.o

.text.main      0x00000000000000f2      0x17a
 .text.main     0x00000000000000f2      0x17a build/default/debug/main.o
                0x00000000000000f2                main

.text.LcdInit   0x000000000000026c       0xba
 .text.LcdInit  0x000000000000026c       0xba build/default/debug/main.o
                0x000000000000026c                LcdInit

.text.Print     0x0000000000000326       0xa4
 .text.Print    0x0000000000000326       0xa4 build/default/debug/main.o
                0x0000000000000326                Print

.text.MenuDisplay
                0x00000000000003ca       0x74
 .text.MenuDisplay
                0x00000000000003ca       0x74 build/default/debug/main.o
                0x00000000000003ca                MenuDisplay

.text.ActuatorActivation
                0x000000000000043e       0x68
 .text.ActuatorActivation
                0x000000000000043e       0x68 build/default/debug/main.o
                0x000000000000043e                ActuatorActivation

.text.exit      0x00000000000004a6       0x16
 .text.exit     0x00000000000004a6       0x16 c:/program files/microchip/xc8/v2.41/avr/bin/../lib/gcc/avr/5.4.0/../../../../avr/lib/avr51/memx-const\libc.a(exit.o)
                0x00000000000004a6                exit

.text.libgcc    0x00000000000004bc        0xe
 .text.libgcc   0x00000000000004bc        0xe c:/program files/microchip/xc8/v2.41/avr/bin/../lib/gcc/avr/5.4.0/avr51/memx-const\libgcc.a(_xload_1.o)
                0x00000000000004bc                __xload_1

.text           0x00000000000004ca        0x4
 .text          0x00000000000004ca        0x4 C:/Program Files/Microchip/MPLABX/v6.10/packs/Microchip/ATmega_DFP/3.0.158/xc8/avr/lib/avr51/memx-const/crtatmega128.o
                0x00000000000004ca                __vector_22
                0x00000000000004ca                __vector_28
                0x00000000000004ca                __vector_1
                0x00000000000004ca                __vector_32
                0x00000000000004ca                __vector_34
                0x00000000000004ca                __vector_24
                0x00000000000004ca                __vector_12
                0x00000000000004ca                __bad_interrupt
                0x00000000000004ca                __vector_6
                0x00000000000004ca                __vector_31
                0x00000000000004ca                __vector_3
                0x00000000000004ca                __vector_23
                0x00000000000004ca                __vector_30
                0x00000000000004ca                __vector_25
                0x00000000000004ca                __vector_11
                0x00000000000004ca                __vector_13
                0x00000000000004ca                __vector_17
                0x00000000000004ca                __vector_19
                0x00000000000004ca                __vector_7
                0x00000000000004ca                __vector_27
                0x00000000000004ca                __vector_5
                0x00000000000004ca                __vector_33
                0x00000000000004ca                __vector_4
                0x00000000000004ca                __vector_9
                0x00000000000004ca                __vector_2
                0x00000000000004ca                __vector_21
                0x00000000000004ca                __vector_15
                0x00000000000004ca                __vector_29
                0x00000000000004ca                __vector_8
                0x00000000000004ca                __vector_26
                0x00000000000004ca                __vector_14
                0x00000000000004ca                __vector_10
                0x00000000000004ca                __vector_16
                0x00000000000004ca                __vector_18
                0x00000000000004ca                __vector_20

.text._Exit     0x00000000000004ce        0x4
 .text._Exit    0x00000000000004ce        0x4 c:/program files/microchip/xc8/v2.41/avr/bin/../lib/gcc/avr/5.4.0/../../../../avr/lib/avr51/memx-const\libc.a(_Exit.o)
                0x00000000000004ce                _Exit

.text.__dummy_fini
                0x00000000000004d2        0x2
 .text.__dummy_fini
                0x00000000000004d2        0x2 c:/program files/microchip/xc8/v2.41/avr/bin/../lib/gcc/avr/5.4.0/../../../../avr/lib/avr51/memx-const\libc.a(exit.o)
                0x00000000000004d2                _fini

.text.__dummy_funcs_on_exit
                0x00000000000004d4        0x2
 .text.__dummy_funcs_on_exit
                0x00000000000004d4        0x2 c:/program files/microchip/xc8/v2.41/avr/bin/../lib/gcc/avr/5.4.0/../../../../avr/lib/avr51/memx-const\libc.a(exit.o)
                0x00000000000004d4                __funcs_on_exit

.text.__dummy_simulator_exit
                0x00000000000004d6        0x2
 .text.__dummy_simulator_exit
                0x00000000000004d6        0x2 c:/program files/microchip/xc8/v2.41/avr/bin/../lib/gcc/avr/5.4.0/../../../../avr/lib/avr51/memx-const\libc.a(exit.o)
                0x00000000000004d6                __simulator_exit

.data.Motor2Menu
                0x0000000000800100       0x5d load address 0x00000000000004d8
 .data.Motor2Menu
                0x0000000000800100       0x5d build/default/debug/main.o
                0x0000000000800100                Motor2Menu

.data.Motor1Menu
                0x000000000080015d       0x5d load address 0x0000000000000535
 .data.Motor1Menu
                0x000000000080015d       0x5d build/default/debug/main.o
                0x000000000080015d                Motor1Menu

.data.LedMenu   0x00000000008001ba       0x5d load address 0x0000000000000592
 .data.LedMenu  0x00000000008001ba       0x5d build/default/debug/main.o
                0x00000000008001ba                LedMenu

.data.MotorMenu
                0x0000000000800217       0x5d load address 0x00000000000005ef
 .data.MotorMenu
                0x0000000000800217       0x5d build/default/debug/main.o
                0x0000000000800217                MotorMenu

.data.RelayMenu
                0x0000000000800274       0x5d load address 0x000000000000064c
 .data.RelayMenu
                0x0000000000800274       0x5d build/default/debug/main.o
                0x0000000000800274                RelayMenu

.data.SettingMenu
                0x00000000008002d1       0x5d load address 0x00000000000006a9
 .data.SettingMenu
                0x00000000008002d1       0x5d build/default/debug/main.o
                0x00000000008002d1                SettingMenu

.data.ActuatorMenu
                0x000000000080032e       0x5d load address 0x0000000000000706
 .data.ActuatorMenu
                0x000000000080032e       0x5d build/default/debug/main.o
                0x000000000080032e                ActuatorMenu

.data.SensorMenu
                0x000000000080038b       0x5d load address 0x0000000000000763
 .data.SensorMenu
                0x000000000080038b       0x5d build/default/debug/main.o
                0x000000000080038b                SensorMenu

.data.MainMenu  0x00000000008003e8       0x5d load address 0x00000000000007c0
 .data.MainMenu
                0x00000000008003e8       0x5d build/default/debug/main.o
                0x00000000008003e8                MainMenu
